[     657ms] [LOG] [Fast Refresh] rebuilding @ webpack-internal:///(app-pages-browser)/../../node_modules/next/dist/client/dev/hot-reloader/app/hot-reloader-app.js:196
[    1544ms] [INFO] %cDownload the React DevTools for a better development experience: https://react.dev/link/react-devtools font-weight:bold @ webpack-internal:///(app-pages-browser)/../../node_modules/next/dist/compiled/react-dom/cjs/react-dom-client.development.js:25630
[    1610ms] [WARNING] Clerk: Clerk has been loaded with development keys. Development instances have strict usage limits and should not be used when deploying your application to production. Learn more: https://clerk.com/docs/deployments/overview @ https://moral-marlin-29.clerk.accounts.dev/npm/@clerk/clerk-js@5/dist/clerk.browser.js:18
[    1610ms] [WARNING] Clerk: The prop "afterSignInUrl" is deprecated and should be replaced with the new "fallbackRedirectUrl" or "forceRedirectUrl" props instead. Learn more: https://clerk.com/docs/guides/custom-redirects#redirect-url-props @ https://moral-marlin-29.clerk.accounts.dev/npm/@clerk/clerk-js@5/dist/clerk.browser.js:18
[  154102ms] [LOG] [Fast Refresh] rebuilding @ webpack-internal:///(app-pages-browser)/../../node_modules/next/dist/client/dev/hot-reloader/app/hot-reloader-app.js:196
[  154574ms] [LOG] [Fast Refresh] done in 473ms @ webpack-internal:///(app-pages-browser)/../../node_modules/next/dist/client/dev/report-hmr-latency.js:13
[  159971ms] [LOG] [Fast Refresh] rebuilding @ webpack-internal:///(app-pages-browser)/../../node_modules/next/dist/client/dev/hot-reloader/app/hot-reloader-app.js:196
[  160338ms] [LOG] [Fast Refresh] done in 367ms @ webpack-internal:///(app-pages-browser)/../../node_modules/next/dist/client/dev/report-hmr-latency.js:13
[  313705ms] [LOG] [Fast Refresh] rebuilding @ webpack-internal:///(app-pages-browser)/../../node_modules/next/dist/client/dev/hot-reloader/app/hot-reloader-app.js:196
[  314720ms] [LOG] [Fast Refresh] done in 1015ms @ webpack-internal:///(app-pages-browser)/../../node_modules/next/dist/client/dev/report-hmr-latency.js:13
[  344808ms] [LOG] [Fast Refresh] rebuilding @ webpack-internal:///(app-pages-browser)/../../node_modules/next/dist/client/dev/hot-reloader/app/hot-reloader-app.js:196
[  345174ms] [LOG] [Fast Refresh] done in 365ms @ webpack-internal:///(app-pages-browser)/../../node_modules/next/dist/client/dev/report-hmr-latency.js:13
[  348787ms] [LOG] [Fast Refresh] rebuilding @ webpack-internal:///(app-pages-browser)/../../node_modules/next/dist/client/dev/hot-reloader/app/hot-reloader-app.js:196
[  349285ms] [LOG] [Fast Refresh] done in 499ms @ webpack-internal:///(app-pages-browser)/../../node_modules/next/dist/client/dev/report-hmr-latency.js:13
[  354959ms] [LOG] [Fast Refresh] rebuilding @ webpack-internal:///(app-pages-browser)/../../node_modules/next/dist/client/dev/hot-reloader/app/hot-reloader-app.js:196
[  355321ms] [LOG] [Fast Refresh] done in 361ms @ webpack-internal:///(app-pages-browser)/../../node_modules/next/dist/client/dev/report-hmr-latency.js:13
[  868829ms] [INFO] %cDownload the React DevTools for a better development experience: https://react.dev/link/react-devtools font-weight:bold @ webpack-internal:///(app-pages-browser)/../../node_modules/next/dist/compiled/react-dom/cjs/react-dom-client.development.js:25630
[  868904ms] [WARNING] Clerk: Clerk has been loaded with development keys. Development instances have strict usage limits and should not be used when deploying your application to production. Learn more: https://clerk.com/docs/deployments/overview @ https://moral-marlin-29.clerk.accounts.dev/npm/@clerk/clerk-js@5/dist/clerk.browser.js:18
[  868904ms] [WARNING] Clerk: The prop "afterSignInUrl" is deprecated and should be replaced with the new "fallbackRedirectUrl" or "forceRedirectUrl" props instead. Learn more: https://clerk.com/docs/guides/custom-redirects#redirect-url-props @ https://moral-marlin-29.clerk.accounts.dev/npm/@clerk/clerk-js@5/dist/clerk.browser.js:18
[  901332ms] [LOG] [Fast Refresh] rebuilding @ webpack-internal:///(app-pages-browser)/../../node_modules/next/dist/client/dev/hot-reloader/app/hot-reloader-app.js:196
[  901941ms] [LOG] [Fast Refresh] done in 609ms @ webpack-internal:///(app-pages-browser)/../../node_modules/next/dist/client/dev/report-hmr-latency.js:13
[ 1036044ms] [LOG] [Fast Refresh] rebuilding @ webpack-internal:///(app-pages-browser)/../../node_modules/next/dist/client/dev/hot-reloader/app/hot-reloader-app.js:196
[ 1036678ms] [LOG] [Fast Refresh] done in 634ms @ webpack-internal:///(app-pages-browser)/../../node_modules/next/dist/client/dev/report-hmr-latency.js:13
[ 1088828ms] [LOG] [Fast Refresh] rebuilding @ webpack-internal:///(app-pages-browser)/../../node_modules/next/dist/client/dev/hot-reloader/app/hot-reloader-app.js:196
[ 1089789ms] [LOG] [Fast Refresh] done in 961ms @ webpack-internal:///(app-pages-browser)/../../node_modules/next/dist/client/dev/report-hmr-latency.js:13
[ 1093664ms] [LOG] [Fast Refresh] rebuilding @ webpack-internal:///(app-pages-browser)/../../node_modules/next/dist/client/dev/hot-reloader/app/hot-reloader-app.js:196
[ 1093807ms] [LOG] [Fast Refresh] done in 143ms @ webpack-internal:///(app-pages-browser)/../../node_modules/next/dist/client/dev/report-hmr-latency.js:13
[ 1099096ms] [LOG] [Fast Refresh] rebuilding @ webpack-internal:///(app-pages-browser)/../../node_modules/next/dist/client/dev/hot-reloader/app/hot-reloader-app.js:196
[ 1099319ms] [LOG] [Fast Refresh] done in 224ms @ webpack-internal:///(app-pages-browser)/../../node_modules/next/dist/client/dev/report-hmr-latency.js:13
[ 1103513ms] [LOG] [Fast Refresh] rebuilding @ webpack-internal:///(app-pages-browser)/../../node_modules/next/dist/client/dev/hot-reloader/app/hot-reloader-app.js:196
[ 1103649ms] [LOG] [Fast Refresh] done in 136ms @ webpack-internal:///(app-pages-browser)/../../node_modules/next/dist/client/dev/report-hmr-latency.js:13
[13906152ms] [ERROR] Failed to load resource: net::ERR_NETWORK_IO_SUSPENDED @ https://moral-marlin-29.clerk.accounts.dev/v1/client/sessions/sess_3DizfpHsum1IlrYFSI4CMwh7Yn7/tokens?__clerk_api_version=2025-11-10&_clerk_js_version=5.125.10&__clerk_db_jwt=dvb_3CwSL4EATRT1L7h8nFIzDjUxpSU:0
[26125968ms] [WARNING] Your app (or one of its dependencies) is using an outdated JSX transform. Update to the modern JSX transform for faster performance: https://react.dev/link/new-jsx-transform @ webpack-internal:///(app-pages-browser)/../../node_modules/next/dist/compiled/react/cjs/react.development.js:1005
[154458110ms] [ERROR] Failed to load resource: net::ERR_NAME_NOT_RESOLVED @ https://moral-marlin-29.clerk.accounts.dev/v1/client/sessions/sess_3DizfpHsum1IlrYFSI4CMwh7Yn7/tokens?__clerk_api_version=2025-11-10&_clerk_js_version=5.125.10&__clerk_db_jwt=dvb_3CwSL4EATRT1L7h8nFIzDjUxpSU:0
[197907788ms] [ERROR] Failed to load resource: net::ERR_NETWORK_CHANGED @ https://moral-marlin-29.clerk.accounts.dev/v1/client/sessions/sess_3DizfpHsum1IlrYFSI4CMwh7Yn7/tokens?__clerk_api_version=2025-11-10&_clerk_js_version=5.125.10&__clerk_db_jwt=dvb_3CwSL4EATRT1L7h8nFIzDjUxpSU:0
[322171887ms] [ERROR] Failed to load resource: net::ERR_NAME_NOT_RESOLVED @ https://moral-marlin-29.clerk.accounts.dev/v1/client/sessions/sess_3DizfpHsum1IlrYFSI4CMwh7Yn7/tokens?__clerk_api_version=2025-11-10&_clerk_js_version=5.125.10&__clerk_db_jwt=dvb_3CwSL4EATRT1L7h8nFIzDjUxpSU:0
[329883444ms] [INFO] %cDownload the React DevTools for a better development experience: https://react.dev/link/react-devtools font-weight:bold @ webpack-internal:///(app-pages-browser)/../../node_modules/next/dist/compiled/react-dom/cjs/react-dom-client.development.js:25630
[329883601ms] [WARNING] Clerk: Clerk has been loaded with development keys. Development instances have strict usage limits and should not be used when deploying your application to production. Learn more: https://clerk.com/docs/deployments/overview @ https://moral-marlin-29.clerk.accounts.dev/npm/@clerk/clerk-js@5/dist/clerk.browser.js:18
[329883602ms] [WARNING] Clerk: The prop "afterSignInUrl" is deprecated and should be replaced with the new "fallbackRedirectUrl" or "forceRedirectUrl" props instead. Learn more: https://clerk.com/docs/guides/custom-redirects#redirect-url-props @ https://moral-marlin-29.clerk.accounts.dev/npm/@clerk/clerk-js@5/dist/clerk.browser.js:18
[329887245ms] [LOG] [Fast Refresh] rebuilding @ webpack-internal:///(app-pages-browser)/../../node_modules/next/dist/client/dev/hot-reloader/app/hot-reloader-app.js:196
[329889227ms] [LOG] [Fast Refresh] done in 1983ms @ webpack-internal:///(app-pages-browser)/../../node_modules/next/dist/client/dev/report-hmr-latency.js:13
[329900683ms] [LOG] [Fast Refresh] rebuilding @ webpack-internal:///(app-pages-browser)/../../node_modules/next/dist/client/dev/hot-reloader/app/hot-reloader-app.js:196
[329901468ms] [LOG] [Fast Refresh] done in 786ms @ webpack-internal:///(app-pages-browser)/../../node_modules/next/dist/client/dev/report-hmr-latency.js:13
[329906026ms] [ERROR] Failed to load resource: the server responded with a status of 500 (Internal Server Error) @ http://localhost:3000/api/ai/chat:0
[329922499ms] [ERROR] Failed to load resource: the server responded with a status of 500 (Internal Server Error) @ http://localhost:3000/api/ai/chat:0
[330717412ms] [LOG] [Fast Refresh] rebuilding @ webpack-internal:///(app-pages-browser)/../../node_modules/next/dist/client/dev/hot-reloader/app/hot-reloader-app.js:196
[330718181ms] [LOG] [Fast Refresh] done in 768ms @ webpack-internal:///(app-pages-browser)/../../node_modules/next/dist/client/dev/report-hmr-latency.js:13
[330723608ms] [LOG] [Fast Refresh] rebuilding @ webpack-internal:///(app-pages-browser)/../../node_modules/next/dist/client/dev/hot-reloader/app/hot-reloader-app.js:196
[330723978ms] [LOG] [Fast Refresh] done in 370ms @ webpack-internal:///(app-pages-browser)/../../node_modules/next/dist/client/dev/report-hmr-latency.js:13
[330769809ms] [INFO] %cDownload the React DevTools for a better development experience: https://react.dev/link/react-devtools font-weight:bold @ webpack-internal:///(app-pages-browser)/../../node_modules/next/dist/compiled/react-dom/cjs/react-dom-client.development.js:25630
[330769887ms] [WARNING] Clerk: Clerk has been loaded with development keys. Development instances have strict usage limits and should not be used when deploying your application to production. Learn more: https://clerk.com/docs/deployments/overview @ https://moral-marlin-29.clerk.accounts.dev/npm/@clerk/clerk-js@5/dist/clerk.browser.js:18
[330769887ms] [WARNING] Clerk: The prop "afterSignInUrl" is deprecated and should be replaced with the new "fallbackRedirectUrl" or "forceRedirectUrl" props instead. Learn more: https://clerk.com/docs/guides/custom-redirects#redirect-url-props @ https://moral-marlin-29.clerk.accounts.dev/npm/@clerk/clerk-js@5/dist/clerk.browser.js:18
[351532862ms] [ERROR] Failed to load resource: net::ERR_NAME_NOT_RESOLVED @ https://moral-marlin-29.clerk.accounts.dev/v1/client/sessions/sess_3DizfpHsum1IlrYFSI4CMwh7Yn7/tokens?__clerk_api_version=2025-11-10&_clerk_js_version=5.125.10&__clerk_db_jwt=dvb_3CwSL4EATRT1L7h8nFIzDjUxpSU:0
[351539204ms] [ERROR] Failed to load resource: net::ERR_NETWORK_CHANGED @ https://moral-marlin-29.clerk.accounts.dev/v1/client/sessions/sess_3DizfpHsum1IlrYFSI4CMwh7Yn7/tokens?__clerk_api_version=2025-11-10&_clerk_js_version=5.125.10&__clerk_db_jwt=dvb_3CwSL4EATRT1L7h8nFIzDjUxpSU:0
[409155833ms] [ERROR] Failed to load resource: net::ERR_INTERNET_DISCONNECTED @ https://moral-marlin-29.clerk.accounts.dev/v1/client/sessions/sess_3DizfpHsum1IlrYFSI4CMwh7Yn7/tokens?__clerk_api_version=2025-11-10&_clerk_js_version=5.125.10&__clerk_db_jwt=dvb_3CwSL4EATRT1L7h8nFIzDjUxpSU:0
[409160880ms] [ERROR] Failed to load resource: net::ERR_INTERNET_DISCONNECTED @ https://moral-marlin-29.clerk.accounts.dev/v1/client/sessions/sess_3DizfpHsum1IlrYFSI4CMwh7Yn7/tokens?__clerk_api_version=2025-11-10&_clerk_js_version=5.125.10&__clerk_db_jwt=dvb_3CwSL4EATRT1L7h8nFIzDjUxpSU:0
[409165895ms] [ERROR] Failed to load resource: net::ERR_INTERNET_DISCONNECTED @ https://moral-marlin-29.clerk.accounts.dev/v1/client/sessions/sess_3DizfpHsum1IlrYFSI4CMwh7Yn7/tokens?__clerk_api_version=2025-11-10&_clerk_js_version=5.125.10&__clerk_db_jwt=dvb_3CwSL4EATRT1L7h8nFIzDjUxpSU:0
[501481383ms] [ERROR] Failed to load resource: net::ERR_NETWORK_CHANGED @ https://moral-marlin-29.clerk.accounts.dev/v1/client/sessions/sess_3DizfpHsum1IlrYFSI4CMwh7Yn7/tokens?__clerk_api_version=2025-11-10&_clerk_js_version=5.125.10&__clerk_db_jwt=dvb_3CwSL4EATRT1L7h8nFIzDjUxpSU:0
[512355724ms] [ERROR] Failed to load resource: net::ERR_NETWORK_CHANGED @ https://moral-marlin-29.clerk.accounts.dev/v1/client/sessions/sess_3DizfpHsum1IlrYFSI4CMwh7Yn7/tokens?__clerk_api_version=2025-11-10&_clerk_js_version=5.125.10&__clerk_db_jwt=dvb_3CwSL4EATRT1L7h8nFIzDjUxpSU:0
[601440622ms] [ERROR] Failed to load resource: the server responded with a status of 401 () @ https://moral-marlin-29.clerk.accounts.dev/v1/client/sessions/sess_3DizfpHsum1IlrYFSI4CMwh7Yn7/tokens?__clerk_api_version=2025-11-10&_clerk_js_version=5.125.10&__clerk_db_jwt=dvb_3CwSL4EATRT1L7h8nFIzDjUxpSU:0
[601444818ms] [ERROR] Failed to load resource: the server responded with a status of 404 (Not Found) @ http://localhost:3000/assistant?_rsc=ptdzl:0
[601448350ms] [INFO] %cDownload the React DevTools for a better development experience: https://react.dev/link/react-devtools font-weight:bold @ webpack-internal:///(app-pages-browser)/../../node_modules/next/dist/compiled/react-dom/cjs/react-dom-client.development.js:25630
[601448519ms] [WARNING] Clerk: Clerk has been loaded with development keys. Development instances have strict usage limits and should not be used when deploying your application to production. Learn more: https://clerk.com/docs/deployments/overview @ https://moral-marlin-29.clerk.accounts.dev/npm/@clerk/clerk-js@5/dist/clerk.browser.js:18
[601448519ms] [WARNING] Clerk: The prop "afterSignInUrl" is deprecated and should be replaced with the new "fallbackRedirectUrl" or "forceRedirectUrl" props instead. Learn more: https://clerk.com/docs/guides/custom-redirects#redirect-url-props @ https://moral-marlin-29.clerk.accounts.dev/npm/@clerk/clerk-js@5/dist/clerk.browser.js:18
[601448693ms] [WARNING] Clerk: The "signInFallbackRedirectUrl" prop ("http://localhost:3000/assistant") has priority over the legacy "afterSignInUrl" (or "redirectUrl") ("http://localhost:3000/dashboard"), which will be completely ignored in this case. "afterSignInUrl" (or "redirectUrl" prop) should be replaced with the new "fallbackRedirectUrl" or "forceRedirectUrl" props instead. Learn more: https://clerk.com/docs/guides/custom-redirects#redirect-url-props @ https://moral-marlin-29.clerk.accounts.dev/npm/@clerk/clerk-js@5/dist/clerk.browser.js:18
[601448693ms] [WARNING] Clerk: The "signUpFallbackRedirectUrl" prop ("http://localhost:3000/assistant") has priority over the legacy "afterSignUpUrl" (or "redirectUrl") ("http://localhost:3000/onboarding"), which will be completely ignored in this case. "afterSignUpUrl" (or "redirectUrl" prop) should be replaced with the new "fallbackRedirectUrl" or "forceRedirectUrl" props instead. Learn more: https://clerk.com/docs/guides/custom-redirects#redirect-url-props @ https://moral-marlin-29.clerk.accounts.dev/npm/@clerk/clerk-js@5/dist/clerk.browser.js:18
[601448836ms] [VERBOSE] [DOM] Input elements should have autocomplete attributes (suggested: "current-password"): (More info: https://goo.gl/9p2vKq) %o @ http://localhost:3000/sign-in?redirect_url=http%3A%2F%2Flocalhost%3A3000%2Fassistant:0
