[     173ms] [LOG] [Fast Refresh] rebuilding @ webpack-internal:///(app-pages-browser)/../../node_modules/next/dist/client/dev/hot-reloader/app/hot-reloader-app.js:196
[     507ms] [LOG] [Fast Refresh] done in 335ms @ webpack-internal:///(app-pages-browser)/../../node_modules/next/dist/client/dev/report-hmr-latency.js:13
[    1367ms] [INFO] %cDownload the React DevTools for a better development experience: https://react.dev/link/react-devtools font-weight:bold @ webpack-internal:///(app-pages-browser)/../../node_modules/next/dist/compiled/react-dom/cjs/react-dom-client.development.js:25630
[    1426ms] [WARNING] Clerk: Clerk has been loaded with development keys. Development instances have strict usage limits and should not be used when deploying your application to production. Learn more: https://clerk.com/docs/deployments/overview @ https://moral-marlin-29.clerk.accounts.dev/npm/@clerk/clerk-js@5/dist/clerk.browser.js:18
[    1426ms] [WARNING] Clerk: The prop "afterSignInUrl" is deprecated and should be replaced with the new "fallbackRedirectUrl" or "forceRedirectUrl" props instead. Learn more: https://clerk.com/docs/guides/custom-redirects#redirect-url-props @ https://moral-marlin-29.clerk.accounts.dev/npm/@clerk/clerk-js@5/dist/clerk.browser.js:18
[    1698ms] [VERBOSE] [DOM] Input elements should have autocomplete attributes (suggested: "current-password"): (More info: https://goo.gl/9p2vKq) %o @ http://localhost:3000/sign-in:0
[ 1194404ms] [ERROR] Failed to load resource: the server responded with a status of 400 () @ https://moral-marlin-29.clerk.accounts.dev/v1/client/sign_ins/sia_3DixHtK7flD7mlTKZTTRP2D5e0u/attempt_first_factor?__clerk_api_version=2025-11-10&_clerk_js_version=5.125.10&__clerk_db_jwt=dvb_3CwSL4EATRT1L7h8nFIzDjUxpSU:0
[ 1212168ms] [VERBOSE] [DOM] Input elements should have autocomplete attributes (suggested: "current-password"): (More info: https://goo.gl/9p2vKq) %o @ http://localhost:3000/sign-in:0
[ 1212881ms] [LOG] [Fast Refresh] rebuilding @ webpack-internal:///(app-pages-browser)/../../node_modules/next/dist/client/dev/hot-reloader/app/hot-reloader-app.js:196
[ 1213616ms] [LOG] [Fast Refresh] done in 736ms @ webpack-internal:///(app-pages-browser)/../../node_modules/next/dist/client/dev/report-hmr-latency.js:13
[ 1213781ms] [LOG] [Fast Refresh] rebuilding @ webpack-internal:///(app-pages-browser)/../../node_modules/next/dist/client/dev/hot-reloader/app/hot-reloader-app.js:196
[ 1214101ms] [LOG] [Fast Refresh] done in 321ms @ webpack-internal:///(app-pages-browser)/../../node_modules/next/dist/client/dev/report-hmr-latency.js:13
[ 1217956ms] [LOG] [Fast Refresh] rebuilding @ webpack-internal:///(app-pages-browser)/../../node_modules/next/dist/client/dev/hot-reloader/app/hot-reloader-app.js:196
[ 1218428ms] [LOG] [Fast Refresh] done in 472ms @ webpack-internal:///(app-pages-browser)/../../node_modules/next/dist/client/dev/report-hmr-latency.js:13
[ 1220821ms] [ERROR] WebSocket connection to 'ws://localhost:3001/socket.io/?EIO=4&transport=websocket' failed: Error in connection establishment: net::ERR_CONNECTION_REFUSED @ webpack-internal:///(app-pages-browser)/../../node_modules/engine.io-client/build/esm/transports/websocket.js:127
[ 1220822ms] [ERROR] Failed to load resource: net::ERR_CONNECTION_REFUSED @ http://localhost:3001/api/v1/persons/me/families:0
[ 1221948ms] [LOG] [Fast Refresh] rebuilding @ webpack-internal:///(app-pages-browser)/../../node_modules/next/dist/client/dev/hot-reloader/app/hot-reloader-app.js:196
[ 1222387ms] [LOG] [Fast Refresh] done in 439ms @ webpack-internal:///(app-pages-browser)/../../node_modules/next/dist/client/dev/report-hmr-latency.js:13
[ 1223946ms] [LOG] [Fast Refresh] rebuilding @ webpack-internal:///(app-pages-browser)/../../node_modules/next/dist/client/dev/hot-reloader/app/hot-reloader-app.js:196
[ 1224143ms] [ERROR] WebSocket connection to 'ws://localhost:3001/socket.io/?EIO=4&transport=websocket' failed: Error in connection establishment: net::ERR_CONNECTION_REFUSED @ webpack-internal:///(app-pages-browser)/../../node_modules/engine.io-client/build/esm/transports/websocket.js:127
[ 1224159ms] [ERROR] Failed to load resource: net::ERR_CONNECTION_REFUSED @ http://localhost:3001/api/v1/persons/me/families:0
[ 1226673ms] [LOG] [Fast Refresh] done in 2727ms @ webpack-internal:///(app-pages-browser)/../../node_modules/next/dist/client/dev/report-hmr-latency.js:13
[ 1228054ms] [ERROR] WebSocket connection to 'ws://localhost:3001/socket.io/?EIO=4&transport=websocket' failed: Error in connection establishment: net::ERR_CONNECTION_REFUSED @ webpack-internal:///(app-pages-browser)/../../node_modules/engine.io-client/build/esm/transports/websocket.js:127
[ 1229136ms] [ERROR] Failed to load resource: net::ERR_CONNECTION_REFUSED @ http://localhost:3001/api/v1/persons/me/families:0
[ 1232487ms] [ERROR] Failed to load resource: net::ERR_CONNECTION_REFUSED @ http://localhost:3001/api/v1/persons/me/families:0
[ 1232489ms] [WARNING] Your app (or one of its dependencies) is using an outdated JSX transform. Update to the modern JSX transform for faster performance: https://react.dev/link/new-jsx-transform @ webpack-internal:///(app-pages-browser)/../../node_modules/next/dist/compiled/react/cjs/react.development.js:1005
[ 1234379ms] [ERROR] WebSocket connection to 'ws://localhost:3001/socket.io/?EIO=4&transport=websocket' failed: Error in connection establishment: net::ERR_CONNECTION_REFUSED @ webpack-internal:///(app-pages-browser)/../../node_modules/engine.io-client/build/esm/transports/websocket.js:127
[ 1239643ms] [ERROR] Failed to load resource: net::ERR_CONNECTION_REFUSED @ http://localhost:3001/api/v1/persons/me/families:0
[ 1241703ms] [ERROR] WebSocket connection to 'ws://localhost:3001/socket.io/?EIO=4&transport=websocket' failed: Error in connection establishment: net::ERR_CONNECTION_REFUSED @ webpack-internal:///(app-pages-browser)/../../node_modules/engine.io-client/build/esm/transports/websocket.js:127
[ 1242984ms] [ERROR] Failed to load resource: net::ERR_CONNECTION_REFUSED @ http://localhost:3001/api/v1/persons/me/families:0
[ 1249069ms] [ERROR] WebSocket connection to 'ws://localhost:3001/socket.io/?EIO=4&transport=websocket' failed: Error in connection establishment: net::ERR_CONNECTION_REFUSED @ webpack-internal:///(app-pages-browser)/../../node_modules/engine.io-client/build/esm/transports/websocket.js:127
[ 1256435ms] [ERROR] WebSocket connection to 'ws://localhost:3001/socket.io/?EIO=4&transport=websocket' failed: Error in connection establishment: net::ERR_CONNECTION_REFUSED @ webpack-internal:///(app-pages-browser)/../../node_modules/engine.io-client/build/esm/transports/websocket.js:127
[ 1263797ms] [ERROR] WebSocket connection to 'ws://localhost:3001/socket.io/?EIO=4&transport=websocket' failed: Error in connection establishment: net::ERR_CONNECTION_REFUSED @ webpack-internal:///(app-pages-browser)/../../node_modules/engine.io-client/build/esm/transports/websocket.js:127
[ 1271187ms] [ERROR] WebSocket connection to 'ws://localhost:3001/socket.io/?EIO=4&transport=websocket' failed: Error in connection establishment: net::ERR_CONNECTION_REFUSED @ webpack-internal:///(app-pages-browser)/../../node_modules/engine.io-client/build/esm/transports/websocket.js:127
[ 1278573ms] [ERROR] WebSocket connection to 'ws://localhost:3001/socket.io/?EIO=4&transport=websocket' failed: Error in connection establishment: net::ERR_CONNECTION_REFUSED @ webpack-internal:///(app-pages-browser)/../../node_modules/engine.io-client/build/esm/transports/websocket.js:127
[ 1285991ms] [ERROR] WebSocket connection to 'ws://localhost:3001/socket.io/?EIO=4&transport=websocket' failed: Error in connection establishment: net::ERR_CONNECTION_REFUSED @ webpack-internal:///(app-pages-browser)/../../node_modules/engine.io-client/build/esm/transports/websocket.js:127
[ 1293480ms] [ERROR] WebSocket connection to 'ws://localhost:3001/socket.io/?EIO=4&transport=websocket' failed: Error in connection establishment: net::ERR_CONNECTION_REFUSED @ webpack-internal:///(app-pages-browser)/../../node_modules/engine.io-client/build/esm/transports/websocket.js:127
[ 1300955ms] [ERROR] WebSocket connection to 'ws://localhost:3001/socket.io/?EIO=4&transport=websocket' failed: Error in connection establishment: net::ERR_CONNECTION_REFUSED @ webpack-internal:///(app-pages-browser)/../../node_modules/engine.io-client/build/esm/transports/websocket.js:127
[ 1308891ms] [ERROR] WebSocket connection to 'ws://localhost:3001/socket.io/?EIO=4&transport=websocket' failed: Error in connection establishment: net::ERR_CONNECTION_REFUSED @ webpack-internal:///(app-pages-browser)/../../node_modules/engine.io-client/build/esm/transports/websocket.js:127
[ 1312626ms] [INFO] %cDownload the React DevTools for a better development experience: https://react.dev/link/react-devtools font-weight:bold @ webpack-internal:///(app-pages-browser)/../../node_modules/next/dist/compiled/react-dom/cjs/react-dom-client.development.js:25630
[ 1312699ms] [WARNING] Clerk: Clerk has been loaded with development keys. Development instances have strict usage limits and should not be used when deploying your application to production. Learn more: https://clerk.com/docs/deployments/overview @ https://moral-marlin-29.clerk.accounts.dev/npm/@clerk/clerk-js@5/dist/clerk.browser.js:18
[ 1312699ms] [WARNING] Clerk: The prop "afterSignInUrl" is deprecated and should be replaced with the new "fallbackRedirectUrl" or "forceRedirectUrl" props instead. Learn more: https://clerk.com/docs/guides/custom-redirects#redirect-url-props @ https://moral-marlin-29.clerk.accounts.dev/npm/@clerk/clerk-js@5/dist/clerk.browser.js:18
[ 1315240ms] [ERROR] Failed to load resource: net::ERR_CONNECTION_REFUSED @ http://localhost:3001/api/v1/persons/me/families:0
[ 1316911ms] [ERROR] WebSocket connection to 'ws://localhost:3001/socket.io/?EIO=4&transport=websocket' failed: Error in connection establishment: net::ERR_CONNECTION_REFUSED @ webpack-internal:///(app-pages-browser)/../../node_modules/engine.io-client/build/esm/transports/websocket.js:127
[ 1318585ms] [ERROR] Failed to load resource: net::ERR_CONNECTION_REFUSED @ http://localhost:3001/api/v1/persons/me/families:0
[ 1320653ms] [ERROR] WebSocket connection to 'ws://localhost:3001/socket.io/?EIO=4&transport=websocket' failed: Error in connection establishment: net::ERR_CONNECTION_REFUSED @ webpack-internal:///(app-pages-browser)/../../node_modules/engine.io-client/build/esm/transports/websocket.js:127
[ 1325730ms] [ERROR] WebSocket connection to 'ws://localhost:3001/socket.io/?EIO=4&transport=websocket' failed: Error in connection establishment: net::ERR_CONNECTION_REFUSED @ webpack-internal:///(app-pages-browser)/../../node_modules/engine.io-client/build/esm/transports/websocket.js:127
[ 1330316ms] [ERROR] WebSocket connection to 'ws://localhost:3001/socket.io/?EIO=4&transport=websocket' failed: Error in connection establishment: net::ERR_CONNECTION_REFUSED @ webpack-internal:///(app-pages-browser)/../../node_modules/engine.io-client/build/esm/transports/websocket.js:127
[ 1337465ms] [ERROR] WebSocket connection to 'ws://localhost:3001/socket.io/?EIO=4&transport=websocket' failed: Error in connection establishment: net::ERR_CONNECTION_REFUSED @ webpack-internal:///(app-pages-browser)/../../node_modules/engine.io-client/build/esm/transports/websocket.js:127
[ 1344835ms] [ERROR] WebSocket connection to 'ws://localhost:3001/socket.io/?EIO=4&transport=websocket' failed: Error in connection establishment: net::ERR_CONNECTION_REFUSED @ webpack-internal:///(app-pages-browser)/../../node_modules/engine.io-client/build/esm/transports/websocket.js:127
[ 1352264ms] [ERROR] WebSocket connection to 'ws://localhost:3001/socket.io/?EIO=4&transport=websocket' failed: Error in connection establishment: net::ERR_CONNECTION_REFUSED @ webpack-internal:///(app-pages-browser)/../../node_modules/engine.io-client/build/esm/transports/websocket.js:127
[ 1359654ms] [ERROR] WebSocket connection to 'ws://localhost:3001/socket.io/?EIO=4&transport=websocket' failed: Error in connection establishment: net::ERR_CONNECTION_REFUSED @ webpack-internal:///(app-pages-browser)/../../node_modules/engine.io-client/build/esm/transports/websocket.js:127
