[    5007ms] [ERROR] Connecting to 'https://www.googleadservices.com/pagead/set_partitioned_cookie?rcb=7&frm=0&apvc=1&tid=DC-15345379&en=page_view&ref=www.google.com&url=https%3A%2F%2Fbigten.org%2Fbase%2Fstandings%2F2026%2F&scrsrc=www.googletagmanager.com&lps=1&rnd=242383693.1778809143&dt=Big%20Ten%20%7C%20Baseball%20%7C%202026%20Standings&auid=1935872688.1778809143&navt=n&npa=0&gtm=45fe65d0h1v9208587647za200zd9208587647xec&gcd=13l3l3l3l1l1&dma=0&tag_exp=0~115616985~115938466~115938469&tft=1778809143423&tfd=1206&apve=1&apvf=f' violates the following Content Security Policy directive: "connect-src 'self' https://cdn.cookielaw.org https://*.doubleclick.net https://*.g.doubleclick.net https://pagead2.googlesyndication.com https://*.adtrafficquality.google https://geolocation.onetrust.com https://www.google.com/recaptcha/ https://privacyportal.onetrust.com https://www.google.com/ccm/collect https://www.google-analytics.com https://www.googletagmanager.com https://vitals.vercel-insights.com https://analytics.tiktok.com https://analytics-ipv6.tiktokw.us https://insight.adsrvr.org https://sms.boostsport.ai https://px.ads.linkedin.com https://*.snapchat.com https://api-js.mixpanel.com https://sdk.iad-05.braze.com https://o1397824.ingest.us.sentry.io wss://b1gws.boostsport.ai https://auth.bigten.org https://b1gbeprod.boostsport.ai https://engage-api.boostsport.ai". The action has been blocked. @ https://bigten.org/_next/static/chunks/pages/_app-014bce990e31f015.js?dpl=dpl_D2fgsLzBztYakC2snLas8UAdH7nV:95
[    5007ms] [ERROR] Fetch API cannot load https://www.googleadservices.com/pagead/set_partitioned_cookie?rcb=7&frm=0&apvc=1&tid=DC-15345379&en=page_view&ref=www.google.com&url=https%3A%2F%2Fbigten.org%2Fbase%2Fstandings%2F2026%2F&scrsrc=www.googletagmanager.com&lps=1&rnd=242383693.1778809143&dt=Big%20Ten%20%7C%20Baseball%20%7C%202026%20Standings&auid=1935872688.1778809143&navt=n&npa=0&gtm=45fe65d0h1v9208587647za200zd9208587647xec&gcd=13l3l3l3l1l1&dma=0&tag_exp=0~115616985~115938466~115938469&tft=1778809143423&tfd=1206&apve=1&apvf=f. Refused to connect because it violates the document's Content Security Policy. @ https://bigten.org/_next/static/chunks/pages/_app-014bce990e31f015.js?dpl=dpl_D2fgsLzBztYakC2snLas8UAdH7nV:95
[    5083ms] [WARNING] [GPT] PubAdsService.collapseEmptyDivs is deprecated, use googletag.setConfig({collapseDiv: ...}) instead.
https://goo.gle/gpt-message#170 @ https://bigten.org/_next/static/chunks/pages/_app-014bce990e31f015.js?dpl=dpl_D2fgsLzBztYakC2snLas8UAdH7nV:93
[    5101ms] [WARNING] [GPT] Slot.setCollapseEmptyDiv is deprecated, use Slot.setConfig({collapseDiv: ...}) instead.
https://goo.gle/gpt-message#171 @ https://bigten.org/_next/static/chunks/pages/_app-014bce990e31f015.js?dpl=dpl_D2fgsLzBztYakC2snLas8UAdH7nV:93
[    5104ms] [LOG] Google Ads - displaying the following slots: [google-ads-allstatewcs_header, google-ads-allstatewcs_secondary_feed, google-ads-discover_page_header, google-ads-discover_secondary_feed, google-ads-must_see_moments, google-ads-secondary_feed, google-ads-secondary_feed_2, google-ads-subheader, google-ads-takeover] @ https://bigten.org/_next/static/chunks/pages/_app-014bce990e31f015.js?dpl=dpl_D2fgsLzBztYakC2snLas8UAdH7nV:93
[    5105ms] [WARNING] [GPT] Error in googletag.display: could not find div with id "google-ads-allstatewcs_header" in DOM for slot: /23272680594/allstate_header.
https://goo.gle/gpt-message#23 @ https://bigten.org/_next/static/chunks/pages/_app-014bce990e31f015.js?dpl=dpl_D2fgsLzBztYakC2snLas8UAdH7nV:93
[    5105ms] [WARNING] [GPT] Error in googletag.display: could not find div with id "google-ads-allstatewcs_secondary_feed" in DOM for slot: /23272680594/allstate.
https://goo.gle/gpt-message#23 @ https://bigten.org/_next/static/chunks/pages/_app-014bce990e31f015.js?dpl=dpl_D2fgsLzBztYakC2snLas8UAdH7nV:93
[    5105ms] [WARNING] [GPT] Error in googletag.display: could not find div with id "google-ads-discover_page_header" in DOM for slot: /23272680594/21.
https://goo.gle/gpt-message#23 @ https://bigten.org/_next/static/chunks/pages/_app-014bce990e31f015.js?dpl=dpl_D2fgsLzBztYakC2snLas8UAdH7nV:93
[    5105ms] [WARNING] [GPT] Error in googletag.display: could not find div with id "google-ads-discover_secondary_feed" in DOM for slot: /23272680594/22.
https://goo.gle/gpt-message#23 @ https://bigten.org/_next/static/chunks/pages/_app-014bce990e31f015.js?dpl=dpl_D2fgsLzBztYakC2snLas8UAdH7nV:93
[    5106ms] [WARNING] [GPT] Error in googletag.display: could not find div with id "google-ads-must_see_moments" in DOM for slot: /23272680594/4.
https://goo.gle/gpt-message#23 @ https://bigten.org/_next/static/chunks/pages/_app-014bce990e31f015.js?dpl=dpl_D2fgsLzBztYakC2snLas8UAdH7nV:93
[    5106ms] [WARNING] [GPT] Error in googletag.display: could not find div with id "google-ads-secondary_feed" in DOM for slot: /23272680594/1.
https://goo.gle/gpt-message#23 @ https://bigten.org/_next/static/chunks/pages/_app-014bce990e31f015.js?dpl=dpl_D2fgsLzBztYakC2snLas8UAdH7nV:93
[    5106ms] [WARNING] [GPT] Error in googletag.display: could not find div with id "google-ads-secondary_feed_2" in DOM for slot: /23272680594/wing2.
https://goo.gle/gpt-message#23 @ https://bigten.org/_next/static/chunks/pages/_app-014bce990e31f015.js?dpl=dpl_D2fgsLzBztYakC2snLas8UAdH7nV:93
[    5107ms] [WARNING] [GPT] Error in googletag.display: could not find div with id "google-ads-takeover" in DOM for slot: /23272680594/3.
https://goo.gle/gpt-message#23 @ https://bigten.org/_next/static/chunks/pages/_app-014bce990e31f015.js?dpl=dpl_D2fgsLzBztYakC2snLas8UAdH7nV:93
[    5107ms] [LOG] Google Ads - displaying the following slots: [google-ads-allstatewcs_header, google-ads-allstatewcs_secondary_feed, google-ads-discover_page_header, google-ads-discover_secondary_feed, google-ads-must_see_moments, google-ads-secondary_feed, google-ads-secondary_feed_2, google-ads-subheader, google-ads-takeover] @ https://bigten.org/_next/static/chunks/pages/_app-014bce990e31f015.js?dpl=dpl_D2fgsLzBztYakC2snLas8UAdH7nV:93
[    5107ms] [WARNING] [GPT] Error in googletag.display: could not find div with id "google-ads-allstatewcs_header" in DOM for slot: /23272680594/allstate_header.
https://goo.gle/gpt-message#23 @ https://bigten.org/_next/static/chunks/pages/_app-014bce990e31f015.js?dpl=dpl_D2fgsLzBztYakC2snLas8UAdH7nV:93
[    5107ms] [WARNING] [GPT] Error in googletag.display: could not find div with id "google-ads-allstatewcs_secondary_feed" in DOM for slot: /23272680594/allstate.
https://goo.gle/gpt-message#23 @ https://bigten.org/_next/static/chunks/pages/_app-014bce990e31f015.js?dpl=dpl_D2fgsLzBztYakC2snLas8UAdH7nV:93
[    5107ms] [WARNING] [GPT] Error in googletag.display: could not find div with id "google-ads-discover_page_header" in DOM for slot: /23272680594/21.
https://goo.gle/gpt-message#23 @ https://bigten.org/_next/static/chunks/pages/_app-014bce990e31f015.js?dpl=dpl_D2fgsLzBztYakC2snLas8UAdH7nV:93
[    5107ms] [WARNING] [GPT] Error in googletag.display: could not find div with id "google-ads-discover_secondary_feed" in DOM for slot: /23272680594/22.
https://goo.gle/gpt-message#23 @ https://bigten.org/_next/static/chunks/pages/_app-014bce990e31f015.js?dpl=dpl_D2fgsLzBztYakC2snLas8UAdH7nV:93
[    5107ms] [WARNING] [GPT] Error in googletag.display: could not find div with id "google-ads-must_see_moments" in DOM for slot: /23272680594/4.
https://goo.gle/gpt-message#23 @ https://bigten.org/_next/static/chunks/pages/_app-014bce990e31f015.js?dpl=dpl_D2fgsLzBztYakC2snLas8UAdH7nV:93
[    5108ms] [WARNING] [GPT] Error in googletag.display: could not find div with id "google-ads-secondary_feed" in DOM for slot: /23272680594/1.
https://goo.gle/gpt-message#23 @ https://bigten.org/_next/static/chunks/pages/_app-014bce990e31f015.js?dpl=dpl_D2fgsLzBztYakC2snLas8UAdH7nV:93
[    5108ms] [WARNING] [GPT] Error in googletag.display: could not find div with id "google-ads-secondary_feed_2" in DOM for slot: /23272680594/wing2.
https://goo.gle/gpt-message#23 @ https://bigten.org/_next/static/chunks/pages/_app-014bce990e31f015.js?dpl=dpl_D2fgsLzBztYakC2snLas8UAdH7nV:93
[    5108ms] [WARNING] [GPT] Error in googletag.display: could not find div with id "google-ads-takeover" in DOM for slot: /23272680594/3.
https://goo.gle/gpt-message#23 @ https://bigten.org/_next/static/chunks/pages/_app-014bce990e31f015.js?dpl=dpl_D2fgsLzBztYakC2snLas8UAdH7nV:93
[    6274ms] [ERROR] Attestation check for Shared Storage on https://www.googleadservices.com failed. @ https://www.googleadservices.com/pagead/managed/js/activeview/current/reach_worklet.html:0
[   10960ms] [ERROR] Attestation check for Shared Storage on https://www.googleadservices.com failed. @ https://www.googleadservices.com/pagead/managed/js/activeview/current/reach_worklet.html:0
[64867408ms] [ERROR] Connecting to 'https://www.google.com/g/collect?v=2&tid=G-ECLEFWSE8R&gtm=45je65d0v893021567za200zb9208587647zd9208587647&_p=1778809142765&gcd=13l3l3l3l1l1&npa=0&dma=0&_eu=AAAAAAQ&are=1&cid=431516331.1778809143&frm=0&lps=1&pscdl=noapi&rcb=0&sr=1440x900&uaa=x86&uab=64&uafvl=Chromium%3B148.0.7778.97%7CGoogle%2520Chrome%3B148.0.7778.97%7CNot%252FA%29Brand%3B99.0.0.0&uam=&uamb=0&uap=Windows&uapv=19.0.0&uaw=0&ul=en-us&_s=5&tag_exp=0%7E115616986%7E115938466%7E115938469&sid=1778874005&sct=2&seg=0&dl=https%3A%2F%2Fbigten.org%2Fbase%2Fschedule%2F&dr=https%3A%2F%2Fbigten.org%2Fbase%2Fstandings%2F2026%2F&dt=Big+Ten+%7C+Baseball+%7C+2026+Schedule&en=user_engagement&_ss=1&tfd=64872426&gaf=1' violates the following Content Security Policy directive: "connect-src 'self' https://cdn.cookielaw.org https://*.doubleclick.net https://*.g.doubleclick.net https://pagead2.googlesyndication.com https://*.adtrafficquality.google https://geolocation.onetrust.com https://www.google.com/recaptcha/ https://privacyportal.onetrust.com https://www.google.com/ccm/collect https://www.google-analytics.com https://www.googletagmanager.com https://vitals.vercel-insights.com https://analytics.tiktok.com https://analytics-ipv6.tiktokw.us https://insight.adsrvr.org https://sms.boostsport.ai https://px.ads.linkedin.com https://*.snapchat.com https://api-js.mixpanel.com https://sdk.iad-05.braze.com https://o1397824.ingest.us.sentry.io wss://b1gws.boostsport.ai https://auth.bigten.org https://b1gbeprod.boostsport.ai https://engage-api.boostsport.ai". The action has been blocked. @ https://bigten.org/_next/static/chunks/pages/_app-014bce990e31f015.js?dpl=dpl_D2fgsLzBztYakC2snLas8UAdH7nV:95
[64867408ms] [ERROR] Fetch API cannot load https://www.google.com/g/collect?v=2&tid=G-ECLEFWSE8R&gtm=45je65d0v893021567za200zb9208587647zd9208587647&_p=1778809142765&gcd=13l3l3l3l1l1&npa=0&dma=0&_eu=AAAAAAQ&are=1&cid=431516331.1778809143&frm=0&lps=1&pscdl=noapi&rcb=0&sr=1440x900&uaa=x86&uab=64&uafvl=Chromium%3B148.0.7778.97%7CGoogle%2520Chrome%3B148.0.7778.97%7CNot%252FA%29Brand%3B99.0.0.0&uam=&uamb=0&uap=Windows&uapv=19.0.0&uaw=0&ul=en-us&_s=5&tag_exp=0%7E115616986%7E115938466%7E115938469&sid=1778874005&sct=2&seg=0&dl=https%3A%2F%2Fbigten.org%2Fbase%2Fschedule%2F&dr=https%3A%2F%2Fbigten.org%2Fbase%2Fstandings%2F2026%2F&dt=Big+Ten+%7C+Baseball+%7C+2026+Schedule&en=user_engagement&_ss=1&tfd=64872426&gaf=1. Refused to connect because it violates the document's Content Security Policy. @ https://bigten.org/_next/static/chunks/pages/_app-014bce990e31f015.js?dpl=dpl_D2fgsLzBztYakC2snLas8UAdH7nV:95
[64868263ms] [WARNING] [GPT] PubAdsService.collapseEmptyDivs is deprecated, use googletag.setConfig({collapseDiv: ...}) instead.
https://goo.gle/gpt-message#170 @ https://bigten.org/_next/static/chunks/pages/_app-014bce990e31f015.js?dpl=dpl_D2fgsLzBztYakC2snLas8UAdH7nV:93
[64868265ms] [WARNING] [GPT] Slot.setCollapseEmptyDiv is deprecated, use Slot.setConfig({collapseDiv: ...}) instead.
https://goo.gle/gpt-message#171 @ https://bigten.org/_next/static/chunks/pages/_app-014bce990e31f015.js?dpl=dpl_D2fgsLzBztYakC2snLas8UAdH7nV:93
[64868267ms] [LOG] Google Ads - displaying the following slots: [google-ads-allstatewcs_header, google-ads-allstatewcs_secondary_feed, google-ads-discover_page_header, google-ads-discover_secondary_feed, google-ads-must_see_moments, google-ads-secondary_feed, google-ads-secondary_feed_2, google-ads-subheader, google-ads-takeover] @ https://bigten.org/_next/static/chunks/pages/_app-014bce990e31f015.js?dpl=dpl_D2fgsLzBztYakC2snLas8UAdH7nV:93
[64868268ms] [WARNING] [GPT] Error in googletag.display: could not find div with id "google-ads-allstatewcs_header" in DOM for slot: /23272680594/allstate_header.
https://goo.gle/gpt-message#23 @ https://bigten.org/_next/static/chunks/pages/_app-014bce990e31f015.js?dpl=dpl_D2fgsLzBztYakC2snLas8UAdH7nV:93
[64868268ms] [WARNING] [GPT] Error in googletag.display: could not find div with id "google-ads-allstatewcs_secondary_feed" in DOM for slot: /23272680594/allstate.
https://goo.gle/gpt-message#23 @ https://bigten.org/_next/static/chunks/pages/_app-014bce990e31f015.js?dpl=dpl_D2fgsLzBztYakC2snLas8UAdH7nV:93
[64868268ms] [WARNING] [GPT] Error in googletag.display: could not find div with id "google-ads-discover_page_header" in DOM for slot: /23272680594/21.
https://goo.gle/gpt-message#23 @ https://bigten.org/_next/static/chunks/pages/_app-014bce990e31f015.js?dpl=dpl_D2fgsLzBztYakC2snLas8UAdH7nV:93
[64868268ms] [WARNING] [GPT] Error in googletag.display: could not find div with id "google-ads-discover_secondary_feed" in DOM for slot: /23272680594/22.
https://goo.gle/gpt-message#23 @ https://bigten.org/_next/static/chunks/pages/_app-014bce990e31f015.js?dpl=dpl_D2fgsLzBztYakC2snLas8UAdH7nV:93
[64868268ms] [WARNING] [GPT] Error in googletag.display: could not find div with id "google-ads-must_see_moments" in DOM for slot: /23272680594/4.
https://goo.gle/gpt-message#23 @ https://bigten.org/_next/static/chunks/pages/_app-014bce990e31f015.js?dpl=dpl_D2fgsLzBztYakC2snLas8UAdH7nV:93
[64868269ms] [WARNING] [GPT] Error in googletag.display: could not find div with id "google-ads-secondary_feed" in DOM for slot: /23272680594/1.
https://goo.gle/gpt-message#23 @ https://bigten.org/_next/static/chunks/pages/_app-014bce990e31f015.js?dpl=dpl_D2fgsLzBztYakC2snLas8UAdH7nV:93
[64868269ms] [WARNING] [GPT] Error in googletag.display: could not find div with id "google-ads-secondary_feed_2" in DOM for slot: /23272680594/wing2.
https://goo.gle/gpt-message#23 @ https://bigten.org/_next/static/chunks/pages/_app-014bce990e31f015.js?dpl=dpl_D2fgsLzBztYakC2snLas8UAdH7nV:93
[64868269ms] [WARNING] [GPT] Error in googletag.display: could not find div with id "google-ads-takeover" in DOM for slot: /23272680594/3.
https://goo.gle/gpt-message#23 @ https://bigten.org/_next/static/chunks/pages/_app-014bce990e31f015.js?dpl=dpl_D2fgsLzBztYakC2snLas8UAdH7nV:93
[64868269ms] [LOG] Google Ads - displaying the following slots: [google-ads-allstatewcs_header, google-ads-allstatewcs_secondary_feed, google-ads-discover_page_header, google-ads-discover_secondary_feed, google-ads-must_see_moments, google-ads-secondary_feed, google-ads-secondary_feed_2, google-ads-subheader, google-ads-takeover] @ https://bigten.org/_next/static/chunks/pages/_app-014bce990e31f015.js?dpl=dpl_D2fgsLzBztYakC2snLas8UAdH7nV:93
[64868270ms] [WARNING] [GPT] Error in googletag.display: could not find div with id "google-ads-allstatewcs_header" in DOM for slot: /23272680594/allstate_header.
https://goo.gle/gpt-message#23 @ https://bigten.org/_next/static/chunks/pages/_app-014bce990e31f015.js?dpl=dpl_D2fgsLzBztYakC2snLas8UAdH7nV:93
[64868270ms] [WARNING] [GPT] Error in googletag.display: could not find div with id "google-ads-allstatewcs_secondary_feed" in DOM for slot: /23272680594/allstate.
https://goo.gle/gpt-message#23 @ https://bigten.org/_next/static/chunks/pages/_app-014bce990e31f015.js?dpl=dpl_D2fgsLzBztYakC2snLas8UAdH7nV:93
[64868270ms] [WARNING] [GPT] Error in googletag.display: could not find div with id "google-ads-discover_page_header" in DOM for slot: /23272680594/21.
https://goo.gle/gpt-message#23 @ https://bigten.org/_next/static/chunks/pages/_app-014bce990e31f015.js?dpl=dpl_D2fgsLzBztYakC2snLas8UAdH7nV:93
[64868270ms] [WARNING] [GPT] Error in googletag.display: could not find div with id "google-ads-discover_secondary_feed" in DOM for slot: /23272680594/22.
https://goo.gle/gpt-message#23 @ https://bigten.org/_next/static/chunks/pages/_app-014bce990e31f015.js?dpl=dpl_D2fgsLzBztYakC2snLas8UAdH7nV:93
[64868270ms] [WARNING] [GPT] Error in googletag.display: could not find div with id "google-ads-must_see_moments" in DOM for slot: /23272680594/4.
https://goo.gle/gpt-message#23 @ https://bigten.org/_next/static/chunks/pages/_app-014bce990e31f015.js?dpl=dpl_D2fgsLzBztYakC2snLas8UAdH7nV:93
[64868270ms] [WARNING] [GPT] Error in googletag.display: could not find div with id "google-ads-secondary_feed" in DOM for slot: /23272680594/1.
https://goo.gle/gpt-message#23 @ https://bigten.org/_next/static/chunks/pages/_app-014bce990e31f015.js?dpl=dpl_D2fgsLzBztYakC2snLas8UAdH7nV:93
[64868270ms] [WARNING] [GPT] Error in googletag.display: could not find div with id "google-ads-secondary_feed_2" in DOM for slot: /23272680594/wing2.
https://goo.gle/gpt-message#23 @ https://bigten.org/_next/static/chunks/pages/_app-014bce990e31f015.js?dpl=dpl_D2fgsLzBztYakC2snLas8UAdH7nV:93
[64868270ms] [WARNING] [GPT] Error in googletag.display: could not find div with id "google-ads-takeover" in DOM for slot: /23272680594/3.
https://goo.gle/gpt-message#23 @ https://bigten.org/_next/static/chunks/pages/_app-014bce990e31f015.js?dpl=dpl_D2fgsLzBztYakC2snLas8UAdH7nV:93
[64868514ms] [ERROR] Connecting to 'https://www.googleadservices.com/pagead/set_partitioned_cookie?rcb=18&frm=0&apvc=1&tid=DC-15345379&en=page_view&ref=www.google.com&url=https%3A%2F%2Fbigten.org%2Fbase%2Fschedule%2F&scrsrc=www.googletagmanager.com&lps=1&rnd=1019075116.1778874007&dt=Big%20Ten%20%7C%20Baseball%20%7C%202026%20Schedule&auid=1935872688.1778809143&navt=r&npa=0&gtm=45fe65d0v9208587647za200zd9208587647xec&gcd=13l3l3l3l1l1&dma=0&tag_exp=0~115938465~115938468&tft=1778874006931&tfd=1325&apve=1&apvf=f' violates the following Content Security Policy directive: "connect-src 'self' https://cdn.cookielaw.org https://*.doubleclick.net https://*.g.doubleclick.net https://pagead2.googlesyndication.com https://*.adtrafficquality.google https://geolocation.onetrust.com https://www.google.com/recaptcha/ https://privacyportal.onetrust.com https://www.google.com/ccm/collect https://www.google-analytics.com https://www.googletagmanager.com https://vitals.vercel-insights.com https://analytics.tiktok.com https://analytics-ipv6.tiktokw.us https://insight.adsrvr.org https://sms.boostsport.ai https://px.ads.linkedin.com https://*.snapchat.com https://api-js.mixpanel.com https://sdk.iad-05.braze.com https://o1397824.ingest.us.sentry.io wss://b1gws.boostsport.ai https://auth.bigten.org https://b1gbeprod.boostsport.ai https://engage-api.boostsport.ai". The action has been blocked. @ https://bigten.org/_next/static/chunks/pages/_app-014bce990e31f015.js?dpl=dpl_D2fgsLzBztYakC2snLas8UAdH7nV:95
[64868514ms] [ERROR] Fetch API cannot load https://www.googleadservices.com/pagead/set_partitioned_cookie?rcb=18&frm=0&apvc=1&tid=DC-15345379&en=page_view&ref=www.google.com&url=https%3A%2F%2Fbigten.org%2Fbase%2Fschedule%2F&scrsrc=www.googletagmanager.com&lps=1&rnd=1019075116.1778874007&dt=Big%20Ten%20%7C%20Baseball%20%7C%202026%20Schedule&auid=1935872688.1778809143&navt=r&npa=0&gtm=45fe65d0v9208587647za200zd9208587647xec&gcd=13l3l3l3l1l1&dma=0&tag_exp=0~115938465~115938468&tft=1778874006931&tfd=1325&apve=1&apvf=f. Refused to connect because it violates the document's Content Security Policy. @ https://bigten.org/_next/static/chunks/pages/_app-014bce990e31f015.js?dpl=dpl_D2fgsLzBztYakC2snLas8UAdH7nV:95
[64868926ms] [ERROR] Attestation check for Shared Storage on https://www.googleadservices.com failed. @ https://www.googleadservices.com/pagead/managed/js/activeview/current/reach_worklet.html:0
[128475559ms] [ERROR] WebSocket connection to 'wss://b1gws.boostsport.ai/socket.io/?EIO=4&transport=websocket' failed: Error in connection establishment: net::ERR_NAME_NOT_RESOLVED @ https://bigten.org/_next/static/chunks/pages/_app-014bce990e31f015.js?dpl=dpl_D2fgsLzBztYakC2snLas8UAdH7nV:0
[128475560ms] [ERROR] Failed to load resource: net::ERR_NAME_NOT_RESOLVED @ https://sdk.iad-05.braze.com/api/v3/data/:0
[128475561ms] [ERROR] Failed to load resource: net::ERR_NAME_NOT_RESOLVED @ https://pagead2.googlesyndication.com/pcs/activeview?xai=AKAOjsv3r3CulZ5FX6IffRm6uvqW8KgSVUWe7Pyy_96PnGHLhrAalk7pbELB4Iq_Txjp5vECC59MrMfs1K-eMvjvghylq04E_Sa_rEgiEsORQyosoiR5zp1L--CxPbUIfpkLkIdZk7pqcwM-NuVDpBth0lA7dlhyKf0NM1ER0Buufc6NwjZYpNQCmIvU6AV0HQ&sig=Cg0ArKJSzMXwG_PRl51oEAE&id=lidartos&mcvt=17756&p=226,-7,351,1593&tm=63615036.69999999&tu=63597240.19999999&mtos=0,17729,17756,17780,17797&tos=0,17729,27,24,17&v=20260513&bin=7&avms=nio&bs=0,0&mc=0.99&if=1&vu=1&app=0&itpl=0&adk=3993175858&rs=4&la=0&cr=0&uach=WyJXaW5kb3dzIiwiMTkuMC4wIiwieDg2IiwiIiwiMTQ4LjAuNzc3OC45NyIsbnVsbCwwLG51bGwsIjY0IixbWyJDaHJvbWl1bSIsIjE0OC4wLjc3NzguOTciXSxbIkdvb2dsZSBDaHJvbWUiLCIxNDguMC43Nzc4Ljk3Il0sWyJOb3QvQSlCcmFuZCIsIjk5LjAuMC4wIl1dLDBd&vs=4&r=t&co=7480680701&rst=1778874007055&rpt=102&isd=0&lsd=200&ec=1&met=mue&wmsd=0&pbe=0&fle=0&vae=0&spb=0&sfl=0&ffslot=0&reach=8&io2=0:0
[128475617ms] Uncaught (in promise) TypeError: Failed to fetch
    at <anonymous> (https://pagead2.googlesyndication.com/pagead/managed/js/activeview/current/ufs_web_display.js:129:684)
    at Ig.ping (https://pagead2.googlesyndication.com/pagead/managed/js/activeview/current/ufs_web_display.js:129:641)
    at rf.sendNow (https://pagead2.googlesyndication.com/pagead/managed/js/activeview/current/ufs_web_display.js:105:244)
    at <anonymous> (https://pagead2.googlesyndication.com/pagead/managed/js/activeview/current/ufs_web_display.js:275:204)
    at <anonymous> (https://pagead2.googlesyndication.com/pagead/managed/js/activeview/current/ufs_web_display.js:275:177)
    at <anonymous> (https://pagead2.googlesyndication.com/pagead/managed/js/activeview/current/ufs_web_display.js:92:479)
    at M.b.ie (https://pagead2.googlesyndication.com/pagead/managed/js/activeview/current/ufs_web_display.js:91:988)
    at n.next (https://pagead2.googlesyndication.com/pagead/managed/js/activeview/current/ufs_web_display.js:81:522)
    at n.ie (https://pagead2.googlesyndication.com/pagead/managed/js/activeview/current/ufs_web_display.js:81:755)
    at n.next (https://pagead2.googlesyndication.com/pagead/managed/js/activeview/current/ufs_web_display.js:81:522)
    at n.next (https://pagead2.googlesyndication.com/pagead/managed/js/activeview/current/ufs_web_display.js:84:1007)
    at bd.next (https://pagead2.googlesyndication.com/pagead/managed/js/activeview/current/ufs_web_display.js:90:1292)
    at qc.next (https://pagead2.googlesyndication.com/pagead/managed/js/activeview/current/ufs_web_display.js:82:217)
    at n.ie (https://pagead2.googlesyndication.com/pagead/managed/js/activeview/current/ufs_web_display.js:81:755)
    at n.next (https://pagead2.googlesyndication.com/pagead/managed/js/activeview/current/ufs_web_display.js:81:522)
    at n.ie (https://pagead2.googlesyndication.com/pagead/managed/js/activeview/current/ufs_web_display.js:81:755)
    at n.next (https://pagead2.googlesyndication.com/pagead/managed/js/activeview/current/ufs_web_display.js:81:522)
    at n.next (https://pagead2.googlesyndication.com/pagead/managed/js/activeview/current/ufs_web_display.js:84:1007)
    at bd.next (https://pagead2.googlesyndication.com/pagead/managed/js/activeview/current/ufs_web_display.js:90:1292)
    at qc.next (https://pagead2.googlesyndication.com/pagead/managed/js/activeview/current/ufs_web_display.js:82:217)
    at n.ie (https://pagead2.googlesyndication.com/pagead/managed/js/activeview/current/ufs_web_display.js:81:755)
    at n.next (https://pagead2.googlesyndication.com/pagead/managed/js/activeview/current/ufs_web_display.js:81:522)
    at n.ie (https://pagead2.googlesyndication.com/pagead/managed/js/activeview/current/ufs_web_display.js:81:755)
    at n.next (https://pagead2.googlesyndication.com/pagead/managed/js/activeview/current/ufs_web_display.js:81:522)
    at n.next (https://pagead2.googlesyndication.com/pagead/managed/js/activeview/current/ufs_web_display.js:84:1007)
    at bd.next (https://pagead2.googlesyndication.com/pagead/managed/js/activeview/current/ufs_web_display.js:90:1292)
    at qc.next (https://pagead2.googlesyndication.com/pagead/managed/js/activeview/current/ufs_web_display.js:82:217)
    at n.ie (https://pagead2.googlesyndication.com/pagead/managed/js/activeview/current/ufs_web_display.js:81:755)
    at n.next (https://pagead2.googlesyndication.com/pagead/managed/js/activeview/current/ufs_web_display.js:81:522)
    at n.ie (https://pagead2.googlesyndication.com/pagead/managed/js/activeview/current/ufs_web_display.js:81:755)
    at n.next (https://pagead2.googlesyndication.com/pagead/managed/js/activeview/current/ufs_web_display.js:81:522)
    at n.next (https://pagead2.googlesyndication.com/pagead/managed/js/activeview/current/ufs_web_display.js:84:1007)
    at bd.next (https://pagead2.googlesyndication.com/pagead/managed/js/activeview/current/ufs_web_display.js:90:1292)
    at qc.next (https://pagead2.googlesyndication.com/pagead/managed/js/activeview/current/ufs_web_display.js:82:217)
    at n.ie (https://pagead2.googlesyndication.com/pagead/managed/js/activeview/current/ufs_web_display.js:81:755)
    at n.next (https://pagead2.googlesyndication.com/pagead/managed/js/activeview/current/ufs_web_display.js:81:522)
    at <anonymous> (https://pagead2.googlesyndication.com/pagead/managed/js/activeview/current/ufs_web_display.js:103:903)
    at M.b.ie (https://pagead2.googlesyndication.com/pagead/managed/js/activeview/current/ufs_web_display.js:91:988)
    at n.next (https://pagead2.googlesyndication.com/pagead/managed/js/activeview/current/ufs_web_display.js:81:522)
    at <anonymous> (https://pagead2.googlesyndication.com/pagead/managed/js/activeview/current/ufs_web_display.js:92:472)
    at M.b.ie (https://pagead2.googlesyndication.com/pagead/managed/js/activeview/current/ufs_web_display.js:91:988)
    at n.next (https://pagead2.googlesyndication.com/pagead/managed/js/activeview/current/ufs_web_display.js:81:522)
    at n.ie (https://pagead2.googlesyndication.com/pagead/managed/js/activeview/current/ufs_web_display.js:81:755)
    at n.next (https://pagead2.googlesyndication.com/pagead/managed/js/activeview/current/ufs_web_display.js:81:522)
    at <anonymous> (https://pagead2.googlesyndication.com/pagead/managed/js/activeview/current/ufs_web_display.js:260:1965)
    at Ua (https://pagead2.googlesyndication.com/pagead/managed/js/activeview/current/ufs_web_display.js:50:338)
    at Pa.flush (https://pagead2.googlesyndication.com/pagead/managed/js/activeview/current/ufs_web_display.js:50:146)
    at Ta (https://pagead2.googlesyndication.com/pagead/managed/js/activeview/current/ufs_web_display.js:49:482)
    at <anonymous> (https://pagead2.googlesyndication.com/pagead/managed/js/activeview/current/ufs_web_display.js:146:290)
    at qc.next (https://pagead2.googlesyndication.com/pagead/managed/js/activeview/current/ufs_web_display.js:82:217)
    at n.ie (https://pagead2.googlesyndication.com/pagead/managed/js/activeview/current/ufs_web_display.js:81:755)
    at n.next (https://pagead2.googlesyndication.com/pagead/managed/js/activeview/current/ufs_web_display.js:81:522)
    at <anonymous> (https://pagead2.googlesyndication.com/pagead/managed/js/activeview/current/ufs_web_display.js:102:1062)
    at M.b.ie (https://pagead2.googlesyndication.com/pagead/managed/js/activeview/current/ufs_web_display.js:91:988)
    at n.next (https://pagead2.googlesyndication.com/pagead/managed/js/activeview/current/ufs_web_display.js:81:522)
    at <anonymous> (https://pagead2.googlesyndication.com/pagead/managed/js/activeview/current/ufs_web_display.js:97:1543)
    at M.b.ie (https://pagead2.googlesyndication.com/pagead/managed/js/activeview/current/ufs_web_display.js:91:988)
    at n.next (https://pagead2.googlesyndication.com/pagead/managed/js/activeview/current/ufs_web_display.js:81:522)
    at <anonymous> (https://pagead2.googlesyndication.com/pagead/managed/js/activeview/current/ufs_web_display.js:102:931)
    at M.b.ie (https://pagead2.googlesyndication.com/pagead/managed/js/activeview/current/ufs_web_display.js:91:988)
    at n.next (https://pagead2.googlesyndication.com/pagead/managed/js/activeview/current/ufs_web_display.js:81:522)
    at <anonymous> (https://pagead2.googlesyndication.com/pagead/managed/js/activeview/current/ufs_web_display.js:104:167)
    at <anonymous> (https://pagead2.googlesyndication.com/pagead/managed/js/activeview/current/ufs_web_display.js:49:314)
